// Jest Snapshot v1, https://goo.gl/fbAQLP

exports[`Test suite for Dropdown component Snapshot test to check component renders properly  1`] = `
<div>
  <div
    class="select css-2b097c-container"
    id="select"
  >
    <div
      class=" css-2d0fx8-control"
    >
      <div
        class=" css-1p7dxgv-ValueContainer"
      >
        <div
          class=" css-1uccc91-singleValue"
        >
          <div
            class="box-class css-1py8xe8"
          >
            <div
              class="css-4cffwv"
            >
              <div
                class="css-vurnku"
              >
                <span
                  class="sc-bdfBwQ gIeWGu"
                  id="header-text"
                >
                  40-05-20
                    
                  82622823
                </span>
              </div>
            </div>
            <div
              class="css-4cffwv"
            >
              <div
                class="css-vurnku"
              >
                <span
                  class="sc-gsTCUz VbRzm"
                >
                  Business A/C
                   . 
                  Abc
                </span>
              </div>
            </div>
          </div>
        </div>
        <input
          aria-autocomplete="list"
          class="css-62g3xt-dummyInput"
          id="react-select-2-input"
          readonly=""
          tabindex="0"
          value=""
        />
      </div>
      <div
        class=" css-1hb7zxy-IndicatorsContainer"
      >
        <span
          class=" css-1lh389c-indicatorSeparator"
        />
        <div
          aria-hidden="true"
          class=" css-tlfecz-indicatorContainer"
        >
          <svg
            aria-hidden="true"
            class="css-6q0nyr-Svg"
            focusable="false"
            height="20"
            viewBox="0 0 20 20"
            width="20"
          >
            <path
              d="M4.516 7.548c0.436-0.446 1.043-0.481 1.576 0l3.908 3.747 3.908-3.747c0.533-0.481 1.141-0.446 1.574 0 0.436 0.445 0.408 1.197 0 1.615-0.406 0.418-4.695 4.502-4.695 4.502-0.217 0.223-0.502 0.335-0.787 0.335s-0.57-0.112-0.789-0.335c0 0-4.287-4.084-4.695-4.502s-0.436-1.17 0-1.615z"
            />
          </svg>
        </div>
      </div>
    </div>
  </div>
</div>
`;
